Student
Received 4 Argument(s)
args[0] = localhost
args[1] = 2001
args[2] = aluno1001
args[3] = Manuel Goucha

> ClassState{
	capacity=1,
	openEnrollments=true,
	enrolled=[
		Student{
			Id='aluno1000',
			Name='Cristina Ferreira'
		}],
	discarded=[]
}

> The class has reached its maximum capacity.

> ClassState{
	capacity=1,
	openEnrollments=true,
	enrolled=[
		Student{
			Id='aluno1000',
			Name='Cristina Ferreira'
		}],
	discarded=[]
}

> 