Student
Received 4 Argument(s)
args[0] = localhost
args[1] = 2001
args[2] = aluno1001
args[3] = Manuel Goucha

> ClassState{
	capacity=1,
	openEnrollments=true,
	enrolled=[],
	discarded=[
		Student{
			Id='aluno1000',
			Name='Cristina Ferreira'
		}]
}

> The action completed successfully.

> ClassState{
	capacity=1,
	openEnrollments=true,
	enrolled=[
		Student{
			Id='aluno1001',
			Name='Manuel Goucha'
		}],
	discarded=[
		Student{
			Id='aluno1000',
			Name='Cristina Ferreira'
		}]
}

> 