Student
Received 4 Argument(s)
args[0] = localhost
args[1] = 2001
args[2] = aluno1002
args[3] = Castelo Branco

> ClassState{
	capacity=1,
	openEnrollments=false,
	enrolled=[
		Student{
			Id='aluno1001',
			Name='Manuel Goucha'
		}],
	discarded=[
		Student{
			Id='aluno1000',
			Name='Cristina Ferreira'
		}]
}

> Enrollments are already closed.

> ClassState{
	capacity=1,
	openEnrollments=false,
	enrolled=[
		Student{
			Id='aluno1001',
			Name='Manuel Goucha'
		}],
	discarded=[
		Student{
			Id='aluno1000',
			Name='Cristina Ferreira'
		}]
}

> 