Admin
Received 0 Argument(s)

> ClassState{
	capacity=0,
	openEnrollments=false,
	enrolled=[],
	discarded=[]
}

> ClassState{
	capacity=0,
	openEnrollments=false,
	enrolled=[],
	discarded=[]
}

> 